[01:43:35] tool server up at http://127.0.0.1:8767
[01:43:35] condition=det_shift episodes=60
[01:43:50]   [det_shift] 1/60 dup=1 miss=1 eo=False crash=mid_fanout
[01:44:12]   [det_shift] 3/60 dup=1 miss=1 eo=False crash=mid_fanout
[01:44:30]   [det_shift] 4/60 dup=1 miss=1 eo=False crash=retry_backoff
[01:44:41]   [det_shift] 5/60 dup=1 miss=1 eo=False crash=mid_fanout
[01:44:52]   [det_shift] 6/60 dup=1 miss=1 eo=False crash=mid_fanout
[01:45:06]   [det_shift] 7/60 dup=1 miss=1 eo=False crash=retry_backoff
[01:45:29]   [det_shift] 9/60 dup=1 miss=1 eo=False crash=mid_fanout
[01:45:38]   [det_shift] 10/60 dup=1 miss=1 eo=False crash=mid_fanout
[01:45:47]   [det_shift] 11/60 dup=1 miss=1 eo=False crash=mid_fanout
[01:45:59]   [det_shift] 12/60 dup=1 miss=1 eo=False crash=mid_fanout
[01:46:31]   [det_shift] 14/60 dup=1 miss=1 eo=False crash=retry_backoff
[01:46:46]   [det_shift] 15/60 dup=1 miss=1 eo=False crash=retry_backoff
[01:47:03]   [det_shift] 16/60 dup=1 miss=1 eo=False crash=mid_fanout
[01:47:24]   [det_shift] 17/60 dup=1 miss=1 eo=False crash=mid_fanout
[01:47:50]   [det_shift] 18/60 dup=1 miss=1 eo=False crash=retry_backoff
[01:48:18]   [det_shift] 19/60 dup=1 miss=1 eo=False crash=retry_backoff
[01:48:39]   [det_shift] 20/60 dup=0 miss=0 eo=True crash=post_branch
[01:49:23]   [det_shift] 22/60 dup=1 miss=1 eo=False crash=mid_fanout
[01:49:54]   [det_shift] 24/60 dup=1 miss=1 eo=False crash=mid_fanout
[01:50:14]   [det_shift] 25/60 dup=1 miss=1 eo=False crash=mid_fanout
[01:50:35]   [det_shift] 26/60 dup=1 miss=1 eo=False crash=retry_backoff
[01:51:17]   [det_shift] 28/60 dup=1 miss=1 eo=False crash=retry_backoff
[01:51:39]   [det_shift] 29/60 dup=1 miss=1 eo=False crash=retry_backoff
[01:52:09]   [det_shift] 30/60 dup=1 miss=1 eo=False crash=mid_fanout
[01:52:44]   [det_shift] 31/60 dup=1 miss=1 eo=False crash=mid_fanout
[01:53:17]   [det_shift] 32/60 dup=1 miss=1 eo=False crash=retry_backoff
[01:54:19]   [det_shift] 34/60 dup=1 miss=1 eo=False crash=retry_backoff
[01:54:50]   [det_shift] 35/60 dup=1 miss=1 eo=False crash=retry_backoff
[01:55:38]   [det_shift] 36/60 dup=1 miss=1 eo=False crash=mid_fanout
[01:57:05]   [det_shift] 38/60 dup=1 miss=1 eo=False crash=mid_fanout
[01:57:47]   [det_shift] 39/60 dup=1 miss=1 eo=False crash=mid_fanout
[01:58:25]   [det_shift] 40/60 dup=1 miss=1 eo=False crash=retry_backoff
[01:59:36]   [det_shift] 42/60 dup=1 miss=1 eo=False crash=mid_fanout
[02:00:09]   [det_shift] 43/60 dup=1 miss=1 eo=False crash=retry_backoff
[02:00:38]   [det_shift] 44/60 dup=1 miss=1 eo=False crash=mid_fanout
[02:01:08]   [det_shift] 45/60 dup=1 miss=1 eo=False crash=mid_fanout
[02:02:06]   [det_shift] 47/60 dup=1 miss=1 eo=False crash=mid_fanout
[02:02:36]   [det_shift] 48/60 dup=1 miss=1 eo=False crash=mid_fanout
[02:03:12]   [det_shift] 49/60 dup=1 miss=1 eo=False crash=retry_backoff
[02:03:49]   [det_shift] 50/60 dup=1 miss=1 eo=False crash=retry_backoff
[02:04:26]   [det_shift] 51/60 dup=1 miss=1 eo=False crash=mid_fanout
[02:05:32]   [det_shift] 53/60 dup=1 miss=1 eo=False crash=mid_fanout
[02:06:12]   [det_shift] 54/60 dup=1 miss=1 eo=False crash=retry_backoff
[02:07:22]   [det_shift] 56/60 dup=1 miss=1 eo=False crash=retry_backoff
[02:08:26]   [det_shift] 58/60 dup=1 miss=1 eo=False crash=retry_backoff
[02:09:04]   [det_shift] 59/60 dup=1 miss=1 eo=False crash=retry_backoff
[02:09:42]   [det_shift] 60/60 dup=1 miss=1 eo=False crash=mid_fanout
[02:09:42] condition=wal episodes=60
[02:14:37]   [wal] 10/60 dup=0 miss=0 eo=True crash=mid_fanout
[02:18:05]   [wal] 20/60 dup=0 miss=0 eo=True crash=retry_backoff
[02:20:06]   [wal] 30/60 dup=0 miss=0 eo=True crash=mid_fanout
[02:21:37]   [wal] 40/60 dup=0 miss=0 eo=True crash=mid_fanout
[02:22:54]   [wal] 50/60 dup=0 miss=0 eo=True crash=retry_backoff
[02:24:44]   [wal] 60/60 dup=0 miss=0 eo=True crash=mid_fanout
[02:24:44] condition=baseline episodes=60
[02:24:59]   [baseline] 1/60 dup=2 miss=0 eo=False crash=retry_backoff
[02:25:21]   [baseline] 3/60 dup=2 miss=0 eo=False crash=retry_backoff
[02:25:31]   [baseline] 4/60 dup=2 miss=0 eo=False crash=retry_backoff
[02:25:46]   [baseline] 6/60 dup=2 miss=0 eo=False crash=mid_fanout
[02:25:56]   [baseline] 7/60 dup=2 miss=0 eo=False crash=retry_backoff
[02:26:05]   [baseline] 8/60 dup=2 miss=0 eo=False crash=retry_backoff
[02:26:12]   [baseline] 9/60 dup=2 miss=0 eo=False crash=mid_fanout
[02:26:18]   [baseline] 10/60 dup=2 miss=0 eo=False crash=mid_fanout
[02:26:28]   [baseline] 11/60 dup=2 miss=0 eo=False crash=mid_fanout
[02:26:37]   [baseline] 12/60 dup=2 miss=0 eo=False crash=mid_fanout
[02:26:46]   [baseline] 13/60 dup=2 miss=0 eo=False crash=retry_backoff
[02:26:56]   [baseline] 14/60 dup=2 miss=0 eo=False crash=mid_fanout
[02:27:02]   [baseline] 15/60 dup=2 miss=0 eo=False crash=mid_fanout
[02:27:11]   [baseline] 16/60 dup=2 miss=0 eo=False crash=mid_fanout
[02:27:29]   [baseline] 18/60 dup=2 miss=0 eo=False crash=mid_fanout
[02:27:38]   [baseline] 19/60 dup=2 miss=0 eo=False crash=mid_fanout
[02:27:47]   [baseline] 20/60 dup=0 miss=0 eo=True crash=post_branch
[02:27:53]   [baseline] 21/60 dup=2 miss=0 eo=False crash=retry_backoff
[02:28:03]   [baseline] 22/60 dup=2 miss=0 eo=False crash=mid_fanout
[02:28:17]   [baseline] 24/60 dup=2 miss=0 eo=False crash=mid_fanout
[02:28:29]   [baseline] 26/60 dup=2 miss=0 eo=False crash=mid_fanout
[02:28:35]   [baseline] 27/60 dup=2 miss=0 eo=False crash=retry_backoff
[02:28:43]   [baseline] 28/60 dup=2 miss=0 eo=False crash=mid_fanout
[02:28:52]   [baseline] 29/60 dup=2 miss=0 eo=False crash=retry_backoff
[02:29:00]   [baseline] 30/60 dup=2 miss=0 eo=False crash=retry_backoff
[02:29:06]   [baseline] 31/60 dup=2 miss=0 eo=False crash=mid_fanout
[02:29:15]   [baseline] 32/60 dup=2 miss=0 eo=False crash=retry_backoff
[02:29:24]   [baseline] 33/60 dup=2 miss=0 eo=False crash=retry_backoff
[02:29:33]   [baseline] 34/60 dup=2 miss=0 eo=False crash=mid_fanout
[02:29:41]   [baseline] 35/60 dup=2 miss=0 eo=False crash=retry_backoff
[02:29:58]   [baseline] 37/60 dup=2 miss=0 eo=False crash=retry_backoff
[02:30:13]   [baseline] 39/60 dup=2 miss=0 eo=False crash=mid_fanout
[02:30:22]   [baseline] 40/60 dup=2 miss=0 eo=False crash=mid_fanout
[02:30:31]   [baseline] 41/60 dup=2 miss=0 eo=False crash=mid_fanout
[02:30:47]   [baseline] 43/60 dup=2 miss=0 eo=False crash=mid_fanout
[02:30:56]   [baseline] 44/60 dup=2 miss=0 eo=False crash=mid_fanout
[02:31:02]   [baseline] 45/60 dup=2 miss=0 eo=False crash=retry_backoff
[02:31:11]   [baseline] 46/60 dup=2 miss=0 eo=False crash=retry_backoff
[02:31:17]   [baseline] 47/60 dup=2 miss=0 eo=False crash=retry_backoff
[02:31:34]   [baseline] 49/60 dup=2 miss=0 eo=False crash=mid_fanout
[02:31:41]   [baseline] 50/60 dup=2 miss=0 eo=False crash=mid_fanout
[02:31:46]   [baseline] 51/60 dup=2 miss=0 eo=False crash=mid_fanout
[02:31:55]   [baseline] 52/60 dup=2 miss=0 eo=False crash=mid_fanout
[02:32:05]   [baseline] 53/60 dup=2 miss=0 eo=False crash=retry_backoff
[02:32:17]   [baseline] 55/60 dup=2 miss=0 eo=False crash=mid_fanout
[02:32:31]   [baseline] 57/60 dup=2 miss=0 eo=False crash=mid_fanout
[02:32:40]   [baseline] 58/60 dup=2 miss=0 eo=False crash=mid_fanout
[02:32:49]   [baseline] 59/60 dup=2 miss=0 eo=False crash=mid_fanout
[02:32:55]   [baseline] 60/60 dup=2 miss=0 eo=False crash=mid_fanout
[02:32:55] [det_shift] dup_rate=0.7667 exactly_once=0.2333 partial=1.0
[02:32:55] [wal] dup_rate=0.0 exactly_once=1.0 partial=1.0
[02:32:55] [baseline] dup_rate=0.8 exactly_once=0.2 partial=1.0
[02:32:55] claim-log latency p50=0.024918s p99=0.071959s n=798
[02:32:55] wrote results_e2a_shift.json
